// Jest Snapshot v1, https://goo.gl/fbAQLP

exports[`RequestHistory matches a snapshot 1`] = `
<ul
  className="RequestHistory"
>
  <li
    key="weak-key-0"
  >
    <RequestItem
      method="post"
      onClick={[Function]}
      url="https://jsonplaceholder.typicode.com/posts"
    />
  </li>
  <li
    key="weak-key-1"
  >
    <RequestItem
      method="get"
      onClick={[Function]}
      url="https://jsonplaceholder.typicode.com/posts"
    />
  </li>
  <li
    key="weak-key-2"
  >
    <RequestItem
      method="put"
      onClick={[Function]}
      url="https://jsonplaceholder.typicode.com/posts"
    />
  </li>
  <li
    key="weak-key-3"
  >
    <RequestItem
      method="put"
      onClick={[Function]}
      url="https://jsonplaceholder.typicode.com/posts"
    />
  </li>
  <button
    className="tealButton"
    onClick={[Function]}
  >
    Clear History
  </button>
</ul>
`;
